### Show me the MG Windsor car
RECEPTIONIST: Passages, 9 passage(s)
  > [picture-description] MD WINDSOR EV :: MG Windsor EV Brochure — Document — MD WINDSOR EV A blue MG Windsor EV electric vehicle shown from the front three-quarter view. Visible text includes “MORRIS GARAGES” on the fron
  > [picture-description] MD WINDSOR EV :: MG Windsor EV Brochure — Document — MD WINDSOR EV Photograph of the interior of an MG car, showing the right-hand-drive cockpit, MG-branded steering wheel, dashboard touchscreen, cent
  > [picture-description] MD WINDSOR EV :: MG Windsor EV Brochure — Document — MD WINDSOR EV Interior of an MG car showing the dashboard, right-hand-drive steering wheel with MG logo, central touchscreen, digital displays, and
  > [picture-description] MD WINDSOR EV :: MG Windsor EV Brochure — Document — MD WINDSOR EV Photograph of the interior of an MG car, showing the right-hand-drive cockpit, MG-branded steering wheel, dashboard touchscreen, cent
  > [picture-description] STARSTREAK™ LED › SMARTFLOW TM TAIL LIGHT :: MG Windsor EV Brochure — Document — STARSTREAK™ LED › SMARTFLOW TM TAIL LIGHT Blue MG Windsor electric car shown from a rear three-quarter view. Th
  > [picture-description] ASK EVERY EV QUERY :: MG Windsor EV Brochure — Document — ASK EVERY EV QUERY Blue MG Windsor EV electric car shown from the front three-quarter view. Visible text: “MORRIS GARAGES” and “WINDSOR 
  > [picture-description] i-SMART FEATURES :: MG Windsor EV Brochure — Document — i-SMART FEATURES A dark blue MG Windsor EV electric car shown beside a lake at sunset, with a smartphone displaying the text “WINDSOR EV” an
### Show me the infotainment screen language menu
RECEPTIONIST: Passages, 9 passage(s)
  > [document] INFOTAINMENT :: MG Windsor EV Brochure — Document — INFOTAINMENT Infotainment Display Feature: 25.6 cm (10.1 inch) Touch Display | 38kWh EXCITE: √ | 38kWh EXCLUSIVE: – | 38kWh ESSENCE: – | 52.9kWh EXCLUSIV
  > [picture-description] Vehicle photo catalogue :: Vehicle Photo Catalogue — Document — Vehicle photo catalogue A dark photograph of an infotainment system radio screen. “FM” and “FM2” are selected, the display shows
  > [picture-description] Vehicle photo catalogue :: Vehicle Photo Catalogue — Document — Vehicle photo catalogue A dark photograph of an infotainment system radio screen. “FM” and “FM2” are selected, the display shows
  > [picture-description] HELLOJIO AUTO VOICE RECOGNITION IN 6 LANGUAGES - ENGLISH, HINDI, TAMIL, TELUGU, MARATHI, & GUJARATI :: MG Windsor EV Brochure — Document — HELLOJIO AUTO VOICE RECOGNITION IN 6 LANGUAGES - ENGLISH, HIN
  > [picture-description] INFOTAINMENT :: MG Windsor EV Brochure — Document — INFOTAINMENT A blank pale blue-to-white gradient background.
  > [picture-description] HELLOJIO AUTO VOICE RECOGNITION IN 6 LANGUAGES - ENGLISH, HINDI, TAMIL, TELUGU, MARATHI, & GUJARATI :: MG Windsor EV Brochure — Document — HELLOJIO AUTO VOICE RECOGNITION IN 6 LANGUAGES - ENGLISH, HIN
  > [picture-description] HELLOJIO AUTO VOICE RECOGNITION IN 6 LANGUAGES - ENGLISH, HINDI, TAMIL, TELUGU, MARATHI, & GUJARATI :: MG Windsor EV Brochure — Document — HELLOJIO AUTO VOICE RECOGNITION IN 6 LANGUAGES - ENGLISH, HIN
### What is the battery range of the MG Windsor?
RECEPTIONIST: Passages, 9 passage(s)
  > [document] MD WINDSOR EV :: MG Windsor EV Brochure — Document — MD WINDSOR EV WINDSOREV MORRIS GARAGES 449\* KMS IN A SINGLE CHARGE DUAL TONE IVORY INTERIORS AUTONOMOUS LEVEL-2^ ADAS Images & depictions are for illustratio
  > [document] SAFETY & PERFORMANCE :: MG Windsor EV Brochure — Document — SAFETY & PERFORMANCE NINGSO- 52.9 kWh PRISMATIC CELL BATTERY ៛ 449 km* IN A SINGLE CHARGE < V 39 STRINGENT SAFETY TESTS 115 FIRST - IN - SEGMENT BATT
  > [document] MD WINDSOR EV :: MG Windsor EV Brochure — Document — MD WINDSOR EV Always adhere to local regulations and safety standards when using the V2L adapter: "Only for compatible EV models at a power output of 3kVA. T&
  > [document] MD WINDSOR EV :: MG Windsor EV Brochure — Document — MD WINDSOR EV Refer to the Owner's Manual for the functioning of ADAS. \\*Maximum amount of power output is 3kVA. The V2L adapter is designed exclusively for 
  > [document] MD WINDSOR EV :: MG Windsor EV Brochure — Document — MD WINDSOR EV WINDSOR EV Baas Battery -as-a-Service* LIFETIME WARRANTY on battery for first owner ** BaaS Battery-as-a-Service* LIFETIME WARRANTY on battery f
  > [document] SPECIFICATIONS :: MG Windsor EV Brochure — Document — SPECIFICATIONS ^Boot Space of Excite & Exclusive variant is 604L, Essence, Exclusive Pro and Essence Pro have 579L of Boot space. Features and specifications
  > [picture-description] MD WINDSOR EV :: MG Windsor EV Brochure — Document — MD WINDSOR EV A blue MG Windsor EV electric vehicle shown from the front three-quarter view. Visible text includes “MORRIS GARAGES” on the fron
### Show me the MG Windsor car
ASK CLINKET: Passages, 8 card(s), legs 1/1
  > #17 ImageCaption p3 MG Windsor EV - Brochure.pdf :: A blue MG Windsor EV electric vehicle shown from the front three-quarter view. Visible text includes “MORRIS GARAGES” on the front and “WI
  > #7 ImageCaption p2 MG Windsor EV - Brochure.pdf :: Photograph of the interior of an MG car, showing the right-hand-drive cockpit, MG-branded steering wheel, dashboard touchscreen, center console, 
  > #1 ImageCaption p1 MG Windsor EV - Brochure.pdf :: Interior of an MG car showing the dashboard, right-hand-drive steering wheel with MG logo, central touchscreen, digital displays, and blue ambien
  > #2 ImageCaption p1 MG Windsor EV - Brochure.pdf :: Photograph of the interior of an MG car, showing the right-hand-drive cockpit, MG-branded steering wheel, dashboard touchscreen, center console, 
### What is the battery range of the MG Windsor?
ASK CLINKET: Passages, 8 card(s), legs 1/1
  > #14 Text p3 MG Windsor EV - Brochure.pdf :: WINDSOREV MORRIS GARAGES 449\* KMS IN A SINGLE CHARGE DUAL TONE IVORY INTERIORS AUTONOMOUS LEVEL-2^ ADAS Images & depictions are for illustration & repr
  > #117 Text p18 MG Windsor EV - Brochure.pdf :: NINGSO- 52.9 kWh PRISMATIC CELL BATTERY ៛ 449 km* IN A SINGLE CHARGE < V 39 STRINGENT SAFETY TESTS 115 FIRST - IN - SEGMENT BATTERY HEATING FUNCTION
  > #15 Text p3 MG Windsor EV - Brochure.pdf :: Always adhere to local regulations and safety standards when using the V2L adapter: "Only for compatible EV models at a power output of 3kVA. T&C apply.
  > #16 Text p3 MG Windsor EV - Brochure.pdf :: Refer to the Owner's Manual for the functioning of ADAS. \\*Maximum amount of power output is 3kVA. The V2L adapter is designed exclusively for MG Winds
